// Vitest Snapshot v1, https://vitest.dev/guide/snapshot.html

exports[`SceneMemoryRepairPanel > presents evidence, current fact, and one primary repair decision 1`] = `
"<section data-v-332e7d9f="" class="map-dynamic-section scene-memory-repair" data-testid="scene-memory-repair">
  <div data-v-332e7d9f="" class="scene-memory-heading">
    <div data-v-332e7d9f="">
      <h4 data-v-332e7d9f="">阶段状态</h4>
      <p data-v-332e7d9f="">雾港封锁 · 只使用此 Scene 及之前的已确认事实</p>
    </div><span data-v-332e7d9f="" class="badge is-warning">需要判断</span>
  </div>
  <div data-v-332e7d9f="" class="scene-memory-dimensions" aria-label="阶段状态维度"><button data-v-332e7d9f="" class="scene-memory-dimension is-active needs-attention"><span data-v-332e7d9f="">地图事实</span><small data-v-332e7d9f="">待修复</small></button></div>
  <article data-v-332e7d9f="" class="map-dynamic-item scene-memory-current">
    <div data-v-332e7d9f="" class="scene-memory-kicker">当前事实</div><strong data-v-332e7d9f="">地图事实 2 条</strong>
    <p data-v-332e7d9f="" class="scene-memory-gap">1 条已采用地图事实缺少 Scene 锚点</p>
    <details data-v-332e7d9f="" class="scene-memory-evidence">
      <summary data-v-332e7d9f="">查看来源证据 1 条</summary>
      <ul data-v-332e7d9f="">
        <li data-v-332e7d9f="">港口仍被封锁</li>
      </ul>
    </details>
  </article>
  <form data-v-332e7d9f="" class="scene-memory-decision">
    <div data-v-332e7d9f="" class="scene-memory-kicker">你的决定</div><label data-v-332e7d9f=""><input data-v-332e7d9f="" type="radio" value="keep_current"> 当前事实正确，直接采用</label><label data-v-332e7d9f=""><input data-v-332e7d9f="" type="radio" value="replace_with_summary"> 用我填写的正确内容替换</label>
    <!--v-if--><label data-v-332e7d9f=""><input data-v-332e7d9f="" type="radio" value="confirm_empty"> 这一阶段确实没有此类事实</label><textarea data-v-332e7d9f="" class="form-textarea" rows="2" placeholder="简要说明判断依据，便于以后回看。"></textarea><button data-v-332e7d9f="" class="btn btn-primary scene-memory-primary" type="submit">确认修复并重建后续阶段</button>
    <p data-v-332e7d9f="" class="map-muted-text">只替换当前 Scene 的系统结果；人工确认内容会保留，后续阶段自动重建。</p>
  </form>
</section>"
`;
